
<!DOCTYPE html>
<html lang="en">
<head>
    <meta charset="UTF-8">
    <meta name="viewport" content="width=device-width, initial-scale=1.0">
    <title>IVC WebRTC — IRC Anonymous & Encrypted Video Network</title>
    <link rel="stylesheet" href="assets/css/app.css">
</head>
<body>
    <div class="app-container">
        <!-- Top Security Bar with Multi-Theme Selector -->
        <header class="top-bar">
            <div class="brand">
                <span class="shield-icon">🏰</span>
                <h1>IVC<span class="highlight">WebRTC</span> <span style="font-size: 0.8rem; font-weight: normal; opacity: 0.8;">IRC Infrastructure</span></h1>
            </div>
            <div class="header-controls">
                <div class="security-badges">
                    <span class="badge green">⚡ PHP 8.5 & MySQL</span>
                    <span class="badge shield">🔑 NAMESERV / CHANSERV</span>
                    <span class="badge purple">🕵️ #room Hash Channels</span>
                    <span class="badge blue">📊 #stats Room</span>
                </div>
                <div class="theme-selector-wrapper">
                    <label for="theme-select">🎨 Theme:</label>
                    <select id="theme-select" class="theme-select">
                        <option value="dark">🌙 Dark (Default)</option>
                        <option value="light">☀️ Light</option>
                        <option value="halloween">🎃 Halloween</option>
                        <option value="console">📟 Console</option>
                        <option value="christmas">🎄 Christmas</option>
                        <option value="manage-custom" style="font-weight: bold;">➕ Custom Themes...</option>
                    </select>
                </div>
                <button id="btn-theme-modal" class="btn-custom-theme" title="Manage Custom Themes">🎨 Custom</button>
            </div>
        </header>

        <!-- IRC Channel Tabs Navigation Bar -->
        <nav class="tabs-nav-container">
            <div class="tabs-bar" id="tabs-bar">
                <!-- Dynamically populated room tabs -->
            </div>
            <button id="btn-open-new-tab" class="btn btn-sm btn-primary" title="Join or Open Channel">➕ Open #channel</button>
        </nav>

        <!-- Main Grid Layout -->
        <main class="main-content">
            <!-- Room Lobby / Open Channel Panel -->
            <section id="room-lobby" class="card lobby-card">
                <h2>Join or Create Anonymous IRC Video Channel</h2>
                <p class="subtitle">Direct Peer-to-Peer encrypted communication. Share via <code>domain.com/#&lt;channel&gt;</code> (e.g. <code>#</code>, <code>#general</code>).</p>

                <div class="lobby-controls">
                    <div class="input-row">
                        <div class="input-group">
                            <label for="room-input">Channel Name (Scheme: domain.com/#&lt;channel&gt;)</label>
                            <input type="text" id="room-input" value="" placeholder="e.g. #general, #fortress" autocomplete="off" spellcheck="false">
                        </div>
                        <div class="input-group">
                            <label for="key-input">Channel Passkey (Optional)</label>
                            <input type="text" id="key-input" placeholder="Optional CHANSERV key" autocomplete="off" spellcheck="false">
                        </div>
                    </div>

                    <div class="input-row">
                        <div class="input-group">
                            <label for="nickname-input">Your IRC Nickname (Generated or Custom)</label>
                            <div class="nickname-box">
                                <input type="text" id="nickname-input" placeholder="e.g. CyberFox" autocomplete="off">
                                <button id="btn-random-name" class="btn btn-secondary btn-sm" type="button">🎲 Randomize Nick</button>
                            </div>
                        </div>
                        <div class="input-group">
                            <label for="nick-password-input">NickServ Password (Optional)</label>
                            <input type="password" id="nick-password-input" placeholder="For Registered Nicks" autocomplete="off" spellcheck="false">
                        </div>
                    </div>

                    <div class="button-group">
                        <button id="btn-join-create-room" class="btn btn-primary">🚀 Join / Create #channel</button>
                        <button id="btn-join-whatsapp" class="btn btn-secondary">💬 Join via WhatsApp</button>
                    </div>
                </div>

                <div id="room-share-section" class="room-share hidden">
                    <p>🔒 Shareable IRC Channel Link (domain.com/#&lt;channel&gt; scheme):</p>
                    <div class="share-box">
                        <input type="text" id="share-url" readonly>
                        <button id="btn-copy-link" class="btn btn-primary btn-sm">📋 Copy Channel Link</button>
                        <button id="btn-qr-link" class="btn btn-secondary btn-sm">📱 QR Code</button>
                    </div>
                    <div id="qr-code-container" style="display: none; margin-top: 15px; padding: 15px; background: white; border-radius: 8px; width: fit-content; margin-left: auto; margin-right: auto;"></div>
                </div>
            </section>

            <!-- Video Stage Area -->
            <section id="video-stage" class="card video-card hidden">
                <div class="video-grid" id="video-grid">
                    <!-- Local Self Video Container -->
                    <div class="video-wrapper local-wrapper">
                        <video id="local-video" autoplay playsinline muted></video>
                        <div class="video-label">
                            <span class="dot live-dot"></span> <span id="local-name-label">You</span>
                        </div>
                    </div>

                    <!-- Remote Peer Video Container -->
                    <div class="video-wrapper remote-wrapper" id="remote-wrapper">
                        <video id="remote-video" autoplay playsinline></video>
                        <div class="video-placeholder" id="remote-placeholder">
                            <div class="pulse-ring"></div>
                            <span class="placeholder-icon">👤</span>
                            <p id="remote-status-text">Waiting for peer to join channel...</p>
                        </div>
                        <div class="video-label" id="remote-label">
                            <span class="dot"></span> <span id="remote-name-label">Remote Peer</span>
                        </div>
                    </div>
                </div>

                <!-- Call Control Toolbar -->
                <div class="call-controls">
                    <button id="btn-toggle-mic" class="btn-control" title="Mute Microphone" aria-label="Mute Microphone" aria-pressed="false">
                        <span class="icon" aria-hidden="true">🎙️</span>
                    </button>
                    <button id="btn-toggle-cam" class="btn-control" title="Turn Off Camera" aria-label="Turn Off Camera" aria-pressed="false">
                        <span class="icon" aria-hidden="true">📹</span>
                    </button>
                    <button id="btn-share-screen" class="btn-control" title="Share Screen" aria-label="Share Screen" aria-pressed="false">
                        <span class="icon" aria-hidden="true">🖥️</span>
                    </button>
                    <button id="btn-leave-call" class="btn-control btn-danger" title="Leave Channel" aria-label="Leave Channel">
                        <span class="icon" aria-hidden="true">📞</span> Leave Channel
                    </button>
                </div>
            </section>

            <!-- Text & DataChannel Chat Panel with IRC User List -->
            <section id="chat-panel" class="card chat-card hidden">
                <div class="chat-header">
                    <div>
                        <h3 id="chat-channel-title">💬 # (P2P DataChannel Chat)</h3>
                        <div id="channel-topic-bar" class="channel-topic">Topic: Welcome to IVC IRC WebRTC!</div>
                    </div>
                    <span class="chat-security-label">🔒 End-to-End Encrypted</span>
                </div>
                <div class="chat-body-container">
                    <div id="chat-messages" class="chat-messages">
                        <div class="system-message">
                            Channel initialized. Type <code>/help</code> for IRC commands or <code>/theme &lt;name&gt;</code> for themes.
                        </div>
                    </div>
                    <div class="sidebar-container">
                        <div class="sidebar-tabs" role="tablist" aria-label="Sidebar Navigation">
                            <button id="tab-nicks" class="sidebar-tab active" role="tab" aria-selected="true" aria-controls="user-list-sidebar">Nicks</button>
                            <button id="tab-gallery" class="sidebar-tab" role="tab" aria-selected="false" aria-controls="gallery-sidebar">Gallery</button>
                        </div>
                        <div id="user-list-sidebar" class="user-list-sidebar" role="tabpanel" aria-labelledby="tab-nicks">
                            <h4>Nicks in Channel</h4>
                            <ul id="user-list" class="user-list">
                                <!-- Populated dynamically -->
                            </ul>
                        </div>
                        <div id="gallery-sidebar" class="gallery-sidebar hidden" role="tabpanel" aria-labelledby="tab-gallery">
                            <h4>Media Gallery</h4>
                            <div id="media-gallery" class="media-gallery">
                                <!-- Populated dynamically -->
                            </div>
                        </div>
                    </div>
                </div>
                <div class="chat-input-area">
                    <input type="text" id="chat-input" placeholder="Type a message or IRC command (/msg CHANSERV, /theme, /op, /topic, /help)..." autocomplete="off">
                    <button id="btn-attach-file" class="btn btn-secondary" title="Share File / Attachment">📎 File</button>
                    <input type="file" id="chat-file-input" class="hidden">
                    <button id="btn-send-chat" class="btn btn-primary">Send</button>
                </div>
            </section>

            <!-- Special Connection Stats Room Stage (#stats) -->
            <section id="stats-stage" class="card stats-card hidden">
                <div class="stats-header">
                    <h2>📊 IRC Server & WebRTC Connection Stats (#stats)</h2>
                    <button id="btn-refresh-stats" class="btn btn-secondary btn-sm">🔄 Refresh Stats</button>
                </div>

                <div class="stats-grid">
                    <!-- Server / MySQL Stats Card -->
                    <div class="stats-panel">
                        <h3>🌐 IRC Infrastructure & MySQL Database</h3>
                        <div id="server-stats-content" class="stats-list">
                            <div class="stats-row"><span class="stats-label">Database Status:</span><span class="stats-value">Checking...</span></div>
                        </div>
                    </div>

                    <!-- Client WebRTC Connection Stats Card -->
                    <div class="stats-panel">
                        <h3>⚡ Client WebRTC Connection Metrics</h3>
                        <div id="client-stats-content" class="stats-list">
                            <div class="stats-row"><span class="stats-label">Open Channel Tabs:</span><span class="stats-value">0</span></div>
                        </div>
                    </div>
                </div>
            </section>
        </main>

        <!-- Custom Theme Creator Modal -->
        <div id="theme-modal" class="modal-overlay hidden">
            <div class="modal-card">
                <div class="modal-header">
                    <h3>🎨 User-Defined Custom Theme Creator</h3>
                    <button id="btn-close-theme-modal" class="btn-close-modal" type="button" aria-label="Close modal">&times;</button>
                </div>

                <form id="custom-theme-form">
                    <div class="input-group" style="margin-bottom: 12px;">
                        <label for="theme-name-input">Theme Name</label>
                        <input type="text" id="theme-name-input" placeholder="e.g. Cyberpunk Neon, Solarized Light, Deep Ocean" required autocomplete="off">
                    </div>

                    <div class="theme-form-grid">
                        <div class="input-group">
                            <label for="theme-bg-color">Background Color / Gradient</label>
                            <div class="color-input-wrapper">
                                <input type="color" id="theme-bg-color" value="#0f172a">
                                <input type="text" id="theme-bg-text" placeholder="#0f172a or radial-gradient(...)" value="#0f172a">
                            </div>
                        </div>

                        <div class="input-group">
                            <label for="theme-card-bg-color">Card Background (Glass)</label>
                            <div class="color-input-wrapper">
                                <input type="color" id="theme-card-bg-color" value="#1e293b">
                                <input type="text" id="theme-card-bg-text" placeholder="rgba(30, 41, 59, 0.75)" value="rgba(30, 41, 59, 0.75)">
                            </div>
                        </div>

                        <div class="input-group">
                            <label for="theme-card-border-color">Card Border Color</label>
                            <div class="color-input-wrapper">
                                <input type="color" id="theme-card-border-color" value="#334155">
                                <input type="text" id="theme-card-border-text" placeholder="rgba(255, 255, 255, 0.1)" value="rgba(255, 255, 255, 0.1)">
                            </div>
                        </div>

                        <div class="input-group">
                            <label for="theme-primary-color">Primary Accent Color</label>
                            <div class="color-input-wrapper">
                                <input type="color" id="theme-primary-color" value="#3b82f6">
                                <input type="text" id="theme-primary-text" placeholder="#3b82f6" value="#3b82f6">
                            </div>
                        </div>

                        <div class="input-group">
                            <label for="theme-text-bright-color">Bright Text Color</label>
                            <div class="color-input-wrapper">
                                <input type="color" id="theme-text-bright-color" value="#f8fafc">
                                <input type="text" id="theme-text-bright-text" placeholder="#f8fafc" value="#f8fafc">
                            </div>
                        </div>

                        <div class="input-group">
                            <label for="theme-text-muted-color">Muted Text Color</label>
                            <div class="color-input-wrapper">
                                <input type="color" id="theme-text-muted-color" value="#94a3b8">
                                <input type="text" id="theme-text-muted-text" placeholder="#94a3b8" value="#94a3b8">
                            </div>
                        </div>

                        <div class="input-group" style="grid-column: span 2;">
                            <label for="theme-font-family">Font Family Style</label>
                            <select id="theme-font-family" class="custom-select">
                                <option value="system-ui, -apple-system, BlinkMacSystemFont, 'Segoe UI', Roboto, sans-serif">Standard Sans-Serif</option>
                                <option value="'Courier New', Courier, 'Fira Code', monospace">Retro Monospace / Code</option>
                                <option value="Georgia, serif">Classic Serif</option>
                                <option value="Impact, sans-serif">Display / Impact</option>
                            </select>
                        </div>
                    </div>

                    <div class="button-group" style="justify-content: flex-end; margin-bottom: 16px;">
                        <button type="button" id="btn-preview-theme" class="btn btn-secondary btn-sm">👁 Live Preview</button>
                        <button type="submit" id="btn-save-custom-theme" class="btn btn-primary btn-sm">💾 Save Custom Theme</button>
                    </div>
                </form>

                <div class="custom-theme-list">
                    <h4>Saved Custom User Themes</h4>
                    <div id="saved-themes-container" style="margin-top: 10px;">
                        <p class="subtitle" style="font-size: 0.85rem;">No custom themes saved yet. Create one above!</p>
                    </div>
                    <div style="display: flex; gap: 8px; margin-top: 10px;">
                        <button id="btn-export-themes" class="btn btn-secondary btn-sm" type="button">📤 Export JSON</button>
                        <button id="btn-import-themes" class="btn btn-secondary btn-sm" type="button">📥 Import JSON</button>
                        <input type="file" id="import-theme-file" accept=".json" class="hidden">
                    </div>
                </div>
            </div>
        </div>

        <!-- Footer -->
        <footer class="footer">
            <p>Protected by <strong>The Fortress IT Security Infrastructure</strong> | PHP 8.5 & MySQL IRC Network</p>
        </footer>
    </div>

    <script>
        window.FORTRESS_CSRF_TOKEN = "";
        window.FORTRESS_PRELOAD_ROOM = "";
    </script>
    <script src="https://cdnjs.cloudflare.com/ajax/libs/qrcodejs/1.0.0/qrcode.min.js"></script>
    <script src="assets/js/ivc.core.js"></script>
    <script src="assets/js/ivc.theme.js"></script>
    <script src="assets/js/ivc.ui.js"></script>
    <script src="assets/js/ivc.bitbuffer.js"></script>
    <script src="assets/js/ivc.webrtc.js"></script>
    <script src="assets/js/ivc.app.js"></script>
</body>
</html>
